Loading file(s): 'logic_9.mabe'
Setting Random Seed to 300
Found 36 external functions! HSearch Repro HCopy HAlloc SetFlow GetHead IO IfNEqu HDivide Dec ShiftL IfGreaterThanX MovHead IfGreaterThan0 Inc Swap NopC Nand NopX NopB NopA ShiftR IfNot0 IfLessThan0 IfEqualX IfEqual0 IfLabel IfLess MoveHeadIfNEqu MoveHeadIfLess Sub Pop Push SwapStk Add JumpHead
Found 1 external functions with name: NopA! (a)
Registered instruction: NopA index: 0; id: 0; symbol: a
Found 1 external functions with name: NopB! (b)
Registered instruction: NopB index: 1; id: 1; symbol: b
Found 1 external functions with name: NopC! (c)
Registered instruction: NopC index: 2; id: 2; symbol: c
Found 1 external functions with name: IfNEqu! (d)
Registered instruction: IfNEqu index: 3; id: 3; symbol: d
Found 1 external functions with name: IfLess! (e)
Registered instruction: IfLess index: 4; id: 4; symbol: e
Found 1 external functions with name: Pop! (f)
Registered instruction: Pop index: 5; id: 5; symbol: f
Found 1 external functions with name: Push! (g)
Registered instruction: Push index: 6; id: 6; symbol: g
Found 1 external functions with name: SwapStk! (h)
Registered instruction: SwapStk index: 7; id: 7; symbol: h
Found 1 external functions with name: Swap! (i)
Registered instruction: Swap index: 8; id: 8; symbol: i
Found 1 external functions with name: ShiftR! (j)
Registered instruction: ShiftR index: 9; id: 9; symbol: j
Found 1 external functions with name: ShiftL! (k)
Registered instruction: ShiftL index: 10; id: 10; symbol: k
Found 1 external functions with name: Inc! (l)
Registered instruction: Inc index: 11; id: 11; symbol: l
Found 1 external functions with name: Dec! (m)
Registered instruction: Dec index: 12; id: 12; symbol: m
Found 1 external functions with name: Add! (n)
Registered instruction: Add index: 13; id: 13; symbol: n
Found 1 external functions with name: Sub! (o)
Registered instruction: Sub index: 14; id: 14; symbol: o
Found 1 external functions with name: Nand! (p)
Registered instruction: Nand index: 15; id: 15; symbol: p
Found 10 external functions with name: IO! (q)
Registered instruction: IO index: 16; id: 16; symbol: q
Found 1 external functions with name: HAlloc! (r)
Registered instruction: HAlloc index: 17; id: 17; symbol: r
Found 1 external functions with name: HDivide! (s)
Registered instruction: HDivide index: 18; id: 18; symbol: s
Found 1 external functions with name: HCopy! (t)
Registered instruction: HCopy index: 19; id: 19; symbol: t
Found 1 external functions with name: HSearch! (u)
Registered instruction: HSearch index: 20; id: 20; symbol: u
Found 1 external functions with name: MovHead! (v)
Registered instruction: MovHead index: 21; id: 21; symbol: v
Found 1 external functions with name: JumpHead! (w)
Registered instruction: JumpHead index: 22; id: 22; symbol: w
Found 1 external functions with name: GetHead! (x)
Registered instruction: GetHead index: 23; id: 23; symbol: x
Found 1 external functions with name: IfLabel! (y)
Registered instruction: IfLabel index: 24; id: 24; symbol: y
Found 1 external functions with name: SetFlow! (z)
Registered instruction: SetFlow index: 25; id: 25; symbol: z
Writing instruction set to file: inst_set_output.txt
random_seed = 300

UD:1  mean_generation=0  num_orgs=1  merit_mean=1  genome_length_mean=50
UD:2  mean_generation=0  num_orgs=1  merit_mean=1  genome_length_mean=50
UD:3  mean_generation=0  num_orgs=1  merit_mean=1  genome_length_mean=50
UD:4  mean_generation=0  num_orgs=1  merit_mean=1  genome_length_mean=50
UD:5  mean_generation=0  num_orgs=1  merit_mean=1  genome_length_mean=50
UD:6  mean_generation=0  num_orgs=1  merit_mean=1  genome_length_mean=50
UD:7  mean_generation=0.5  num_orgs=2  merit_mean=1  genome_length_mean=50
UD:8  mean_generation=0.5  num_orgs=2  merit_mean=1  genome_length_mean=50
UD:9  mean_generation=0.5  num_orgs=2  merit_mean=1  genome_length_mean=50
UD:10  mean_generation=0.5  num_orgs=2  merit_mean=1  genome_length_mean=50
UD:11  mean_generation=0.5  num_orgs=2  merit_mean=1  genome_length_mean=50
UD:12  mean_generation=0.5  num_orgs=2  merit_mean=1  genome_length_mean=50
UD:13  mean_generation=0.5  num_orgs=2  merit_mean=1  genome_length_mean=50
UD:14  mean_generation=0.5  num_orgs=2  merit_mean=1  genome_length_mean=50
UD:15  mean_generation=0.666667  num_orgs=3  merit_mean=1  genome_length_mean=50
UD:16  mean_generation=0.666667  num_orgs=3  merit_mean=1  genome_length_mean=50
UD:17  mean_generation=0.666667  num_orgs=3  merit_mean=1  genome_length_mean=50
UD:18  mean_generation=0.666667  num_orgs=3  merit_mean=1  genome_length_mean=50
UD:19  mean_generation=0.666667  num_orgs=3  merit_mean=1  genome_length_mean=50
UD:20  mean_generation=0.666667  num_orgs=3  merit_mean=1  genome_length_mean=50
UD:21  mean_generation=1  num_orgs=4  merit_mean=1  genome_length_mean=50
UD:22  mean_generation=1  num_orgs=4  merit_mean=1  genome_length_mean=50
UD:23  mean_generation=1  num_orgs=4  merit_mean=1  genome_length_mean=50
UD:24  mean_generation=0.75  num_orgs=4  merit_mean=1  genome_length_mean=50
UD:25  mean_generation=0.75  num_orgs=4  merit_mean=1  genome_length_mean=50
UD:26  mean_generation=0.75  num_orgs=4  merit_mean=1  genome_length_mean=50
UD:27  mean_generation=0.75  num_orgs=4  merit_mean=1  genome_length_mean=50
UD:28  mean_generation=1.25  num_orgs=4  merit_mean=1  genome_length_mean=50
UD:29  mean_generation=1.25  num_orgs=4  merit_mean=1  genome_length_mean=50
UD:30  mean_generation=1.4  num_orgs=5  merit_mean=1  genome_length_mean=50
UD:31  mean_generation=1.4  num_orgs=5  merit_mean=1  genome_length_mean=50
UD:32  mean_generation=1.4  num_orgs=5  merit_mean=1  genome_length_mean=50
UD:33  mean_generation=1.4  num_orgs=5  merit_mean=1  genome_length_mean=50
UD:34  mean_generation=1.66667  num_orgs=6  merit_mean=1  genome_length_mean=50
UD:35  mean_generation=2  num_orgs=6  merit_mean=1  genome_length_mean=50
UD:36  mean_generation=2.16667  num_orgs=6  merit_mean=1  genome_length_mean=50
UD:37  mean_generation=2.16667  num_orgs=6  merit_mean=1  genome_length_mean=50
UD:38  mean_generation=2.16667  num_orgs=6  merit_mean=1  genome_length_mean=50
UD:39  mean_generation=2.16667  num_orgs=6  merit_mean=1  genome_length_mean=50
UD:40  mean_generation=2.5  num_orgs=6  merit_mean=1  genome_length_mean=50
UD:41  mean_generation=2.71429  num_orgs=7  merit_mean=1  genome_length_mean=50
UD:42  mean_generation=2.42857  num_orgs=7  merit_mean=1  genome_length_mean=50
UD:43  mean_generation=2.5  num_orgs=8  merit_mean=1  genome_length_mean=50
UD:44  mean_generation=2.5  num_orgs=8  merit_mean=1  genome_length_mean=50
UD:45  mean_generation=2.77778  num_orgs=9  merit_mean=1  genome_length_mean=50
UD:46  mean_generation=2.77778  num_orgs=9  merit_mean=1  genome_length_mean=50
UD:47  mean_generation=2.77778  num_orgs=9  merit_mean=1  genome_length_mean=50
UD:48  mean_generation=3.09091  num_orgs=11  merit_mean=1  genome_length_mean=49.9091
UD:49  mean_generation=3.36364  num_orgs=11  merit_mean=1  genome_length_mean=49.9091
UD:50  mean_generation=3.36364  num_orgs=11  merit_mean=1  genome_length_mean=49.9091
UD:51  mean_generation=3.53846  num_orgs=13  merit_mean=1  genome_length_mean=49.9231
UD:52  mean_generation=3.53846  num_orgs=13  merit_mean=1  genome_length_mean=49.9231
UD:53  mean_generation=3.78571  num_orgs=14  merit_mean=1  genome_length_mean=49.9286
UD:54  mean_generation=3.92857  num_orgs=14  merit_mean=1  genome_length_mean=49.9286
UD:55  mean_generation=4.07143  num_orgs=14  merit_mean=1  genome_length_mean=49.9286
UD:56  mean_generation=4  num_orgs=15  merit_mean=1  genome_length_mean=50
UD:57  mean_generation=4  num_orgs=16  merit_mean=1  genome_length_mean=50
UD:58  mean_generation=4  num_orgs=16  merit_mean=1  genome_length_mean=50
UD:59  mean_generation=4.38889  num_orgs=18  merit_mean=1  genome_length_mean=50
UD:60  mean_generation=4.38889  num_orgs=18  merit_mean=1  genome_length_mean=50
UD:61  mean_generation=4.36842  num_orgs=19  merit_mean=1  genome_length_mean=50
UD:62  mean_generation=4.38095  num_orgs=21  merit_mean=1  genome_length_mean=50
UD:63  mean_generation=4.33333  num_orgs=21  merit_mean=1  genome_length_mean=50
UD:64  mean_generation=4.47619  num_orgs=21  merit_mean=1  genome_length_mean=50.0476
UD:65  mean_generation=4.73913  num_orgs=23  merit_mean=1  genome_length_mean=50
UD:66  mean_generation=4.73913  num_orgs=23  merit_mean=1  genome_length_mean=50
UD:67  mean_generation=4.83333  num_orgs=24  merit_mean=1  genome_length_mean=49.9167
UD:68  mean_generation=4.83333  num_orgs=24  merit_mean=1  genome_length_mean=49.9167
UD:69  mean_generation=4.79167  num_orgs=24  merit_mean=1  genome_length_mean=49.9167
UD:70  mean_generation=5  num_orgs=27  merit_mean=1  genome_length_mean=49.8889
UD:71  mean_generation=5  num_orgs=28  merit_mean=1  genome_length_mean=49.9286
UD:72  mean_generation=5.06897  num_orgs=29  merit_mean=1  genome_length_mean=49.8966
UD:73  mean_generation=5.37931  num_orgs=29  merit_mean=1  genome_length_mean=49.8966
UD:74  mean_generation=5.41379  num_orgs=29  merit_mean=1  genome_length_mean=49.8966
UD:75  mean_generation=5.48387  num_orgs=31  merit_mean=1  genome_length_mean=50.7097
UD:76  mean_generation=5.54839  num_orgs=31  merit_mean=1  genome_length_mean=50.6774
UD:77  mean_generation=5.5625  num_orgs=32  merit_mean=1  genome_length_mean=50.6562
UD:78  mean_generation=5.67568  num_orgs=37  merit_mean=1  genome_length_mean=50.5405
UD:79  mean_generation=5.61538  num_orgs=39  merit_mean=1  genome_length_mean=50.5128
UD:80  mean_generation=5.78571  num_orgs=42  merit_mean=1  genome_length_mean=50.4524
UD:81  mean_generation=5.83333  num_orgs=42  merit_mean=1  genome_length_mean=50.4524
UD:82  mean_generation=5.88372  num_orgs=43  merit_mean=1  genome_length_mean=50.4419
UD:83  mean_generation=5.95455  num_orgs=44  merit_mean=1  genome_length_mean=51
UD:84  mean_generation=6.14894  num_orgs=47  merit_mean=1  genome_length_mean=52.2553
UD:85  mean_generation=6.3617  num_orgs=47  merit_mean=1  genome_length_mean=52.2553
UD:86  mean_generation=6.39583  num_orgs=48  merit_mean=1  genome_length_mean=52.1667
UD:87  mean_generation=6.42857  num_orgs=49  merit_mean=1  genome_length_mean=52.0816
UD:88  mean_generation=6.44898  num_orgs=49  merit_mean=1  genome_length_mean=52.0816
UD:89  mean_generation=6.59184  num_orgs=49  merit_mean=1  genome_length_mean=51.5918
UD:90  mean_generation=6.71154  num_orgs=52  merit_mean=1  genome_length_mean=52
UD:91  mean_generation=6.69231  num_orgs=52  merit_mean=1  genome_length_mean=52.0385
UD:92  mean_generation=6.73585  num_orgs=53  merit_mean=1  genome_length_mean=51.9811
UD:93  mean_generation=6.87273  num_orgs=55  merit_mean=1  genome_length_mean=51.9091
UD:94  mean_generation=6.98214  num_orgs=56  merit_mean=1  genome_length_mean=51.8393
UD:95  mean_generation=7.03571  num_orgs=56  merit_mean=1  genome_length_mean=51.8571
UD:96  mean_generation=7.2931  num_orgs=58  merit_mean=1  genome_length_mean=52.1897
UD:97  mean_generation=7.27119  num_orgs=59  merit_mean=1  genome_length_mean=52.1017
UD:98  mean_generation=7.21311  num_orgs=61  merit_mean=1  genome_length_mean=53.0492
UD:99  mean_generation=7.30159  num_orgs=63  merit_mean=1  genome_length_mean=52.9365
UD:100  mean_generation=7.45312  num_orgs=64  merit_mean=1  genome_length_mean=52.9062
UD:101  mean_generation=7.57576  num_orgs=66  merit_mean=1  genome_length_mean=52.803
UD:102  mean_generation=7.65152  num_orgs=66  merit_mean=1  genome_length_mean=52.803
UD:103  mean_generation=7.61765  num_orgs=68  merit_mean=1  genome_length_mean=52.7059
UD:104  mean_generation=7.69118  num_orgs=68  merit_mean=1  genome_length_mean=52.6912
UD:105  mean_generation=7.8169  num_orgs=71  merit_mean=1  genome_length_mean=52.5493
UD:106  mean_generation=7.8169  num_orgs=71  merit_mean=1  genome_length_mean=52.5634
UD:107  mean_generation=7.87838  num_orgs=74  merit_mean=1  genome_length_mean=54.1486
UD:108  mean_generation=7.97368  num_orgs=76  merit_mean=1  genome_length_mean=53.5658
UD:109  mean_generation=8.07792  num_orgs=77  merit_mean=1  genome_length_mean=53.4805
UD:110  mean_generation=8.17722  num_orgs=79  merit_mean=1  genome_length_mean=53.3418
UD:111  mean_generation=8.43902  num_orgs=82  merit_mean=1  genome_length_mean=53.2195
UD:112  mean_generation=8.46988  num_orgs=83  merit_mean=1  genome_length_mean=53.1687
UD:113  mean_generation=8.6  num_orgs=85  merit_mean=1  genome_length_mean=53.0706
UD:114  mean_generation=8.7931  num_orgs=87  merit_mean=1  genome_length_mean=52.9885
UD:115  mean_generation=8.93407  num_orgs=91  merit_mean=1  genome_length_mean=52.7912
UD:116  mean_generation=9.08602  num_orgs=93  merit_mean=1  genome_length_mean=52.7312
UD:117  mean_generation=9.08511  num_orgs=94  merit_mean=1  genome_length_mean=53.0638
UD:118  mean_generation=9.24742  num_orgs=97  merit_mean=1  genome_length_mean=52.9485
UD:119  mean_generation=9.23  num_orgs=100  merit_mean=1  genome_length_mean=52.83
UD:120  mean_generation=9.42308  num_orgs=104  merit_mean=1  genome_length_mean=52.6635
UD:121  mean_generation=9.50476  num_orgs=105  merit_mean=1  genome_length_mean=52.619
UD:122  mean_generation=9.48113  num_orgs=106  merit_mean=1  genome_length_mean=52.5566
UD:123  mean_generation=9.57143  num_orgs=112  merit_mean=1  genome_length_mean=52.5893
UD:124  mean_generation=9.77391  num_orgs=115  merit_mean=1  genome_length_mean=51.9652
UD:125  mean_generation=9.85714  num_orgs=119  merit_mean=1  genome_length_mean=51.6723
UD:126  mean_generation=10  num_orgs=122  merit_mean=1  genome_length_mean=51.5902
UD:127  mean_generation=10.082  num_orgs=122  merit_mean=1  genome_length_mean=51.3852
UD:128  mean_generation=10.168  num_orgs=125  merit_mean=1  genome_length_mean=51.344
UD:129  mean_generation=10.3095  num_orgs=126  merit_mean=1  genome_length_mean=52.0317
UD:130  mean_generation=10.3256  num_orgs=129  merit_mean=1  genome_length_mean=51.7907
UD:131  mean_generation=10.3359  num_orgs=131  merit_mean=1  genome_length_mean=51.7557
UD:132  mean_generation=10.4361  num_orgs=133  merit_mean=1  genome_length_mean=51.7293
UD:133  mean_generation=10.4627  num_orgs=134  merit_mean=1  genome_length_mean=51.7239
UD:134  mean_generation=10.6906  num_orgs=139  merit_mean=1  genome_length_mean=51.1799
UD:135  mean_generation=10.8182  num_orgs=143  merit_mean=1  genome_length_mean=51.2797
UD:136  mean_generation=10.8621  num_orgs=145  merit_mean=1  genome_length_mean=51.2897
UD:137  mean_generation=11.0336  num_orgs=149  merit_mean=1  genome_length_mean=51.2416
UD:138  mean_generation=11.0662  num_orgs=151  merit_mean=1  genome_length_mean=51.2252
UD:139  mean_generation=11.0987  num_orgs=152  merit_mean=1  genome_length_mean=51.2171
UD:140  mean_generation=11.3121  num_orgs=157  merit_mean=1  genome_length_mean=50.7707
UD:141  mean_generation=11.3438  num_orgs=160  merit_mean=1  genome_length_mean=50.9188
UD:142  mean_generation=11.4512  num_orgs=164  merit_mean=1  genome_length_mean=50.872
UD:143  mean_generation=11.5939  num_orgs=165  merit_mean=1  genome_length_mean=50.8606
UD:144  mean_generation=11.7544  num_orgs=171  merit_mean=1  genome_length_mean=50.8012
UD:145  mean_generation=11.8448  num_orgs=174  merit_mean=1  genome_length_mean=51.0345
UD:146  mean_generation=11.8079  num_orgs=177  merit_mean=1  genome_length_mean=51.0169
UD:147  mean_generation=11.9274  num_orgs=179  merit_mean=1  genome_length_mean=50.9665
UD:148  mean_generation=12.0546  num_orgs=183  merit_mean=1  genome_length_mean=50.9399
UD:149  mean_generation=12.2872  num_orgs=188  merit_mean=1  genome_length_mean=50.8883
UD:150  mean_generation=12.3802  num_orgs=192  merit_mean=1  genome_length_mean=50.6406
UD:151  mean_generation=12.4381  num_orgs=194  merit_mean=1  genome_length_mean=50.3041
UD:152  mean_generation=12.4821  num_orgs=195  merit_mean=1  genome_length_mean=50.1846
UD:153  mean_generation=12.5616  num_orgs=203  merit_mean=1  genome_length_mean=50.4433
UD:154  mean_generation=12.5728  num_orgs=206  merit_mean=1  genome_length_mean=50.2233
UD:155  mean_generation=12.8169  num_orgs=213  merit_mean=1  genome_length_mean=50.1972
UD:156  mean_generation=12.9224  num_orgs=219  merit_mean=1  genome_length_mean=50.1918
UD:157  mean_generation=12.9593  num_orgs=221  merit_mean=1  genome_length_mean=50.0769
UD:158  mean_generation=12.9867  num_orgs=225  merit_mean=1  genome_length_mean=50.0667
UD:159  mean_generation=13.0352  num_orgs=227  merit_mean=1  genome_length_mean=50.0573
UD:160  mean_generation=13.2554  num_orgs=231  merit_mean=1.0303  genome_length_mean=50.0433
UD:161  mean_generation=13.3915  num_orgs=235  merit_mean=1.02979  genome_length_mean=49.9404
UD:162  mean_generation=13.3983  num_orgs=236  merit_mean=1.02966  genome_length_mean=49.9322
UD:163  mean_generation=13.582  num_orgs=244  merit_mean=1.02869  genome_length_mean=49.9344
UD:164  mean_generation=13.5528  num_orgs=246  merit_mean=1.02846  genome_length_mean=50.0569
UD:165  mean_generation=13.7016  num_orgs=248  merit_mean=1  genome_length_mean=50.0444
UD:166  mean_generation=13.9203  num_orgs=251  merit_mean=1  genome_length_mean=50.0398
UD:167  mean_generation=13.9961  num_orgs=257  merit_mean=1  genome_length_mean=50.0272
UD:168  mean_generation=14.1051  num_orgs=257  merit_mean=1  genome_length_mean=50.07
UD:169  mean_generation=14.1609  num_orgs=261  merit_mean=1  genome_length_mean=50.0843
UD:170  mean_generation=14.3146  num_orgs=267  merit_mean=1  genome_length_mean=50.2434
UD:171  mean_generation=14.4599  num_orgs=274  merit_mean=1  genome_length_mean=50.2117
UD:172  mean_generation=14.5055  num_orgs=275  merit_mean=1  genome_length_mean=50.1927
UD:173  mean_generation=14.6895  num_orgs=277  merit_mean=1  genome_length_mean=50.1011
UD:174  mean_generation=14.7571  num_orgs=280  merit_mean=1  genome_length_mean=50.0964
UD:175  mean_generation=14.9263  num_orgs=285  merit_mean=1  genome_length_mean=50.3368
UD:176  mean_generation=15.0069  num_orgs=290  merit_mean=1  genome_length_mean=50.4172
UD:177  mean_generation=15.0614  num_orgs=293  merit_mean=1  genome_length_mean=50.3993
UD:178  mean_generation=15.2761  num_orgs=297  merit_mean=1  genome_length_mean=50.3603
UD:179  mean_generation=15.4319  num_orgs=301  merit_mean=1  genome_length_mean=50.3256
UD:180  mean_generation=15.5592  num_orgs=304  merit_mean=1  genome_length_mean=50.3783
UD:181  mean_generation=15.7059  num_orgs=306  merit_mean=1  genome_length_mean=50.4085
UD:182  mean_generation=15.7556  num_orgs=311  merit_mean=1  genome_length_mean=50.3987
UD:183  mean_generation=15.7743  num_orgs=319  merit_mean=1  genome_length_mean=50.4608
UD:184  mean_generation=15.9119  num_orgs=329  merit_mean=1  genome_length_mean=50.4407
UD:185  mean_generation=16.0301  num_orgs=332  merit_mean=1  genome_length_mean=50.494
UD:186  mean_generation=16.2824  num_orgs=340  merit_mean=1  genome_length_mean=50.1294
UD:187  mean_generation=16.4503  num_orgs=342  merit_mean=1  genome_length_mean=50.1374
UD:188  mean_generation=16.517  num_orgs=352  merit_mean=1  genome_length_mean=49.9801
UD:189  mean_generation=16.5534  num_orgs=356  merit_mean=1  genome_length_mean=49.9803
UD:190  mean_generation=16.6887  num_orgs=363  merit_mean=1  genome_length_mean=50.0165
UD:191  mean_generation=16.7738  num_orgs=367  merit_mean=1  genome_length_mean=50.0926
UD:192  mean_generation=16.9064  num_orgs=374  merit_mean=1  genome_length_mean=50.0615
UD:193  mean_generation=17.1243  num_orgs=378  merit_mean=1  genome_length_mean=50.1005
UD:194  mean_generation=17.2196  num_orgs=387  merit_mean=1  genome_length_mean=50.0336
UD:195  mean_generation=17.3495  num_orgs=392  merit_mean=1  genome_length_mean=50.0995
UD:196  mean_generation=17.4125  num_orgs=400  merit_mean=1  genome_length_mean=50.0225
UD:197  mean_generation=17.5383  num_orgs=405  merit_mean=1  genome_length_mean=50.0444
UD:198  mean_generation=17.7049  num_orgs=410  merit_mean=1  genome_length_mean=50.022
UD:199  mean_generation=17.7899  num_orgs=414  merit_mean=1  genome_length_mean=50.1932
UD:200  mean_generation=17.8705  num_orgs=417  merit_mean=1  genome_length_mean=50.3909
UD:201  mean_generation=17.9502  num_orgs=422  merit_mean=1  genome_length_mean=50.3081
UD:202  mean_generation=18.1121  num_orgs=428  merit_mean=1  genome_length_mean=50.2687
UD:203  mean_generation=18.2801  num_orgs=432  merit_mean=1  genome_length_mean=50.331
UD:204  mean_generation=18.4195  num_orgs=441  merit_mean=1  genome_length_mean=50.3628
UD:205  mean_generation=18.5101  num_orgs=447  merit_mean=1  genome_length_mean=50.4541
UD:206  mean_generation=18.6865  num_orgs=453  merit_mean=1  genome_length_mean=50.4459
UD:207  mean_generation=18.709  num_orgs=457  merit_mean=1  genome_length_mean=50.4267
UD:208  mean_generation=18.8658  num_orgs=462  merit_mean=1  genome_length_mean=50.4632
UD:209  mean_generation=18.9407  num_orgs=472  merit_mean=1  genome_length_mean=50.3814
UD:210  mean_generation=18.9833  num_orgs=480  merit_mean=1  genome_length_mean=50.4646
UD:211  mean_generation=19.0185  num_orgs=486  merit_mean=1  genome_length_mean=50.5062
UD:212  mean_generation=19.1859  num_orgs=495  merit_mean=1  genome_length_mean=50.5434
UD:213  mean_generation=19.2695  num_orgs=501  merit_mean=1  genome_length_mean=50.5349
UD:214  mean_generation=19.3964  num_orgs=507  merit_mean=1  genome_length_mean=50.5187
UD:215  mean_generation=19.4521  num_orgs=511  merit_mean=1  genome_length_mean=50.5127
UD:216  mean_generation=19.5506  num_orgs=514  merit_mean=1  genome_length_mean=50.5661
UD:217  mean_generation=19.7201  num_orgs=518  merit_mean=1  genome_length_mean=50.5405
UD:218  mean_generation=19.9181  num_orgs=525  merit_mean=1  genome_length_mean=50.4667
UD:219  mean_generation=20.0208  num_orgs=530  merit_mean=1  genome_length_mean=50.3849
UD:220  mean_generation=20.153  num_orgs=536  merit_mean=1  genome_length_mean=50.3134
UD:221  mean_generation=20.2239  num_orgs=545  merit_mean=1  genome_length_mean=50.2716
UD:222  mean_generation=20.3047  num_orgs=548  merit_mean=1  genome_length_mean=50.2336
UD:223  mean_generation=20.4047  num_orgs=556  merit_mean=1  genome_length_mean=50.3129
UD:224  mean_generation=20.5561  num_orgs=561  merit_mean=1  genome_length_mean=50.2674
UD:225  mean_generation=20.6543  num_orgs=567  merit_mean=1  genome_length_mean=50.2857
UD:226  mean_generation=20.7047  num_orgs=569  merit_mean=1  genome_length_mean=50.3058
UD:227  mean_generation=20.8115  num_orgs=573  merit_mean=1  genome_length_mean=50.2304
UD:228  mean_generation=20.9225  num_orgs=581  merit_mean=1  genome_length_mean=50.2461
UD:229  mean_generation=20.9676  num_orgs=586  merit_mean=1  genome_length_mean=50.1092
UD:230  mean_generation=21.0863  num_orgs=591  merit_mean=1  genome_length_mean=50.2301
UD:231  mean_generation=21.214  num_orgs=598  merit_mean=1  genome_length_mean=50.1756
UD:232  mean_generation=21.3865  num_orgs=608  merit_mean=1  genome_length_mean=50.0938
UD:233  mean_generation=21.4846  num_orgs=617  merit_mean=1  genome_length_mean=50.081
UD:234  mean_generation=21.621  num_orgs=620  merit_mean=1  genome_length_mean=50.0871
UD:235  mean_generation=21.6762  num_orgs=627  merit_mean=1  genome_length_mean=50.1818
UD:236  mean_generation=21.8  num_orgs=630  merit_mean=1  genome_length_mean=50.2159
UD:237  mean_generation=21.8976  num_orgs=635  merit_mean=1  genome_length_mean=50.1984
UD:238  mean_generation=22.0343  num_orgs=641  merit_mean=1  genome_length_mean=50.1014
UD:239  mean_generation=22.0759  num_orgs=646  merit_mean=1  genome_length_mean=50.0697
UD:240  mean_generation=22.2193  num_orgs=652  merit_mean=1  genome_length_mean=50.1426
UD:241  mean_generation=22.2855  num_orgs=655  merit_mean=1  genome_length_mean=50.1802
UD:242  mean_generation=22.475  num_orgs=661  merit_mean=1.01059  genome_length_mean=50.1952
UD:243  mean_generation=22.5828  num_orgs=664  merit_mean=1.01054  genome_length_mean=50.116
UD:244  mean_generation=22.6994  num_orgs=672  merit_mean=1.01042  genome_length_mean=50.1131
UD:245  mean_generation=22.8027  num_orgs=674  merit_mean=1.01039  genome_length_mean=50.1261
UD:246  mean_generation=22.8689  num_orgs=679  merit_mean=1.01031  genome_length_mean=50.187
UD:247  mean_generation=22.9766  num_orgs=683  merit_mean=1.01025  genome_length_mean=50.1991
UD:248  mean_generation=23.1327  num_orgs=686  merit_mean=1.0102  genome_length_mean=50.1851
UD:249  mean_generation=23.1199  num_orgs=692  merit_mean=1  genome_length_mean=50.1474
UD:250  mean_generation=23.2083  num_orgs=701  merit_mean=1  genome_length_mean=50.2725
UD:251  mean_generation=23.3258  num_orgs=706  merit_mean=1  genome_length_mean=50.3173
UD:252  mean_generation=23.3455  num_orgs=715  merit_mean=1  genome_length_mean=50.4098
UD:253  mean_generation=23.4347  num_orgs=720  merit_mean=1  genome_length_mean=50.4278
UD:254  mean_generation=23.518  num_orgs=724  merit_mean=1  genome_length_mean=50.3066
UD:255  mean_generation=23.5795  num_orgs=730  merit_mean=1  genome_length_mean=50.3288
UD:256  mean_generation=23.6662  num_orgs=734  merit_mean=1  genome_length_mean=50.3678
UD:257  mean_generation=23.749  num_orgs=741  merit_mean=1  genome_length_mean=50.3455
UD:258  mean_generation=23.8231  num_orgs=746  merit_mean=1  genome_length_mean=50.319
UD:259  mean_generation=23.9349  num_orgs=753  merit_mean=1  genome_length_mean=50.3214
UD:260  mean_generation=24.0066  num_orgs=757  merit_mean=1  genome_length_mean=50.2536
UD:261  mean_generation=24.1243  num_orgs=764  merit_mean=1  genome_length_mean=50.2291
UD:262  mean_generation=24.2185  num_orgs=769  merit_mean=1  genome_length_mean=50.1534
UD:263  mean_generation=24.2713  num_orgs=774  merit_mean=1  genome_length_mean=50.1718
UD:264  mean_generation=24.3724  num_orgs=776  merit_mean=1  genome_length_mean=50.1366
UD:265  mean_generation=24.4962  num_orgs=790  merit_mean=1  genome_length_mean=50.1228
UD:266  mean_generation=24.5975  num_orgs=800  merit_mean=1  genome_length_mean=50.09
UD:267  mean_generation=24.7432  num_orgs=806  merit_mean=1  genome_length_mean=50.0533
UD:268  mean_generation=24.8253  num_orgs=813  merit_mean=1  genome_length_mean=49.9803
UD:269  mean_generation=24.9136  num_orgs=822  merit_mean=1  genome_length_mean=50.0304
UD:270  mean_generation=24.9699  num_orgs=831  merit_mean=1  genome_length_mean=50.0205
UD:271  mean_generation=25.0131  num_orgs=840  merit_mean=1  genome_length_mean=50.0726
UD:272  mean_generation=25.1417  num_orgs=847  merit_mean=1  genome_length_mean=50.0555
UD:273  mean_generation=25.257  num_orgs=852  merit_mean=1.00822  genome_length_mean=50.108
UD:274  mean_generation=25.3623  num_orgs=864  merit_mean=1.0081  genome_length_mean=50.0417
UD:275  mean_generation=25.4948  num_orgs=871  merit_mean=1.00804  genome_length_mean=50.0344
UD:276  mean_generation=25.6455  num_orgs=880  merit_mean=1.00795  genome_length_mean=50.008
UD:277  mean_generation=25.7387  num_orgs=884  merit_mean=1.00792  genome_length_mean=49.9819
UD:278  mean_generation=25.8538  num_orgs=889  merit_mean=1  genome_length_mean=50
UD:279  mean_generation=25.9106  num_orgs=895  merit_mean=1  genome_length_mean=50.0324
UD:280  mean_generation=25.99  num_orgs=902  merit_mean=1  genome_length_mean=50.0565
UD:281  mean_generation=26.0319  num_orgs=908  merit_mean=1  genome_length_mean=50.0363
UD:282  mean_generation=26.0611  num_orgs=917  merit_mean=1  genome_length_mean=49.9444
UD:283  mean_generation=26.1062  num_orgs=923  merit_mean=1  genome_length_mean=49.9458
UD:284  mean_generation=26.2551  num_orgs=933  merit_mean=1.0075  genome_length_mean=50.0504
UD:285  mean_generation=26.2759  num_orgs=935  merit_mean=1.00749  genome_length_mean=50.0321
UD:286  mean_generation=26.4062  num_orgs=943  merit_mean=1  genome_length_mean=50.0011
UD:287  mean_generation=26.5137  num_orgs=950  merit_mean=1  genome_length_mean=49.9189
UD:288  mean_generation=26.5836  num_orgs=963  merit_mean=1  genome_length_mean=49.9055
UD:289  mean_generation=26.6399  num_orgs=972  merit_mean=1  genome_length_mean=49.9136
UD:290  mean_generation=26.7189  num_orgs=982  merit_mean=1.00713  genome_length_mean=49.9593
UD:291  mean_generation=26.8564  num_orgs=989  merit_mean=1.00708  genome_length_mean=50.0374
UD:292  mean_generation=26.9809  num_orgs=994  merit_mean=1.00704  genome_length_mean=50.0332
UD:293  mean_generation=27.1123  num_orgs=1006  merit_mean=1.00696  genome_length_mean=50.1223
UD:294  mean_generation=27.234  num_orgs=1013  merit_mean=1.00691  genome_length_mean=50.0928
UD:295  mean_generation=27.2618  num_orgs=1020  merit_mean=1  genome_length_mean=50.1118
UD:296  mean_generation=27.368  num_orgs=1030  merit_mean=1  genome_length_mean=50.0748
UD:297  mean_generation=27.5178  num_orgs=1039  merit_mean=1  genome_length_mean=50.0972
UD:298  mean_generation=27.645  num_orgs=1048  merit_mean=1  genome_length_mean=50.1288
UD:299  mean_generation=27.827  num_orgs=1058  merit_mean=1.00662  genome_length_mean=50.1125
UD:300  mean_generation=27.9138  num_orgs=1067  merit_mean=1.00656  genome_length_mean=50.0787
