id,ancestor_list,origin_time,destruction_time,num_orgs,tot_orgs,num_offspring,total_offspring,depth,taxon_info
1,[NONE],0,inf,2,5,3,6,0,[50]rucavccccccccccccccccccccccccccccccccccccutycasvab
2,[1],7,38,0,1,3,3,1,[50]rucavccccccccccccccccccccccccccccccccccccutjcasvab
5,[2],25,inf,1,1,0,0,2,[75]ccccccccccccccccutjcasvabrucavccccccccccccccccccccaaaaaaaaaaaaaaaaaaaaaaaaa
6,[1],25,inf,1,1,0,0,1,[50]rucavcccccccccccccccccccccccccyccccccccccitycasvab
7,[2],31,inf,1,1,0,0,2,[75]cccccccccccccccuutjgasvabrucavccccccccccccccccecccaaaaaaaaaaaaaaaaaaaaaaaaa
8,[1],33,inf,1,1,1,1,1,[49]rucavccccccccccccccccccccccccccccccccccccutcasvab
9,[2],37,inf,1,1,0,0,2,[75]ccccccccccccccccutjcasvabrucavccccccccccccccccccccaaaaaaaaaaaaaaaaaaaaaaaaa
10,[8],38,inf,1,1,0,0,2,[73]ccccccccccccccccutcasvabrucavccccccccccccccccccccaaaaaaaaaaaaaaaaaaaaaaaa
