id,ancestor_list,origin_time,destruction_time,num_orgs,tot_orgs,num_offspring,total_offspring,depth,taxon_info
2,[1],7,inf,1,1,0,0,1,[50]ruavcccclcccccccccccccgcrccccccccccccccccutycasvab
1,["NONE"],0,inf,1,1,1,1,0,[50]rucavccccccccccccccccccccccccccccccccccccutycasvab
