id,ancestor_list,origin_time,destruction_time,num_orgs,tot_orgs,num_offspring,total_offspring,depth,taxon_info
5,[2],19,inf,1,1,0,0,2,[51]ruavcccelccaccccccccccgcrhcccccccccccccccutycasvzab
4,[1],16,inf,1,1,0,0,1,[50]rkcavccccccccccccccccccczcccjcccucccbccccutycasvab
3,[2],13,inf,1,1,0,0,2,[50]ruavcccclccccccccmccccgchcocccbccccccwwczutycastzb
2,[1],7,inf,1,1,2,2,1,[50]ruavcccclcccccccccccccgcrccccccccccccccccutycasvab
1,["NONE"],0,inf,1,1,2,4,0,[50]rucavccccccccccccccccccccccccccccccccccccutycasvab
