Loading file(s): "phylo_logic_9.mabe"
Setting Random Seed to 350
Found 36 external functions! HSearch Repro HCopy HAlloc SetFlow GetHead IO IfNEqu HDivide Dec ShiftL IfGreaterThanX MovHead IfGreaterThan0 Inc Swap NopC Nand NopX NopB NopA ShiftR IfNot0 IfLessThan0 IfEqualX IfEqual0 IfLabel IfLess MoveHeadIfNEqu MoveHeadIfLess Sub Pop Push SwapStk Add JumpHead
Found 1 external functions with name: NopA! (a)
Registered instruction: NopA index: 0; id: 0; symbol: a
Found 1 external functions with name: NopB! (b)
Registered instruction: NopB index: 1; id: 1; symbol: b
Found 1 external functions with name: NopC! (c)
Registered instruction: NopC index: 2; id: 2; symbol: c
Found 1 external functions with name: IfNEqu! (d)
Registered instruction: IfNEqu index: 3; id: 3; symbol: d
Found 1 external functions with name: IfLess! (e)
Registered instruction: IfLess index: 4; id: 4; symbol: e
Found 1 external functions with name: Pop! (f)
Registered instruction: Pop index: 5; id: 5; symbol: f
Found 1 external functions with name: Push! (g)
Registered instruction: Push index: 6; id: 6; symbol: g
Found 1 external functions with name: SwapStk! (h)
Registered instruction: SwapStk index: 7; id: 7; symbol: h
Found 1 external functions with name: Swap! (i)
Registered instruction: Swap index: 8; id: 8; symbol: i
Found 1 external functions with name: ShiftR! (j)
Registered instruction: ShiftR index: 9; id: 9; symbol: j
Found 1 external functions with name: ShiftL! (k)
Registered instruction: ShiftL index: 10; id: 10; symbol: k
Found 1 external functions with name: Inc! (l)
Registered instruction: Inc index: 11; id: 11; symbol: l
Found 1 external functions with name: Dec! (m)
Registered instruction: Dec index: 12; id: 12; symbol: m
Found 1 external functions with name: Add! (n)
Registered instruction: Add index: 13; id: 13; symbol: n
Found 1 external functions with name: Sub! (o)
Registered instruction: Sub index: 14; id: 14; symbol: o
Found 1 external functions with name: Nand! (p)
Registered instruction: Nand index: 15; id: 15; symbol: p
Found 10 external functions with name: IO! (q)
Registered instruction: IO index: 16; id: 16; symbol: q
Found 1 external functions with name: HAlloc! (r)
Registered instruction: HAlloc index: 17; id: 17; symbol: r
Found 1 external functions with name: HDivide! (s)
Registered instruction: HDivide index: 18; id: 18; symbol: s
Found 1 external functions with name: HCopy! (t)
Registered instruction: HCopy index: 19; id: 19; symbol: t
Found 1 external functions with name: HSearch! (u)
Registered instruction: HSearch index: 20; id: 20; symbol: u
Found 1 external functions with name: MovHead! (v)
Registered instruction: MovHead index: 21; id: 21; symbol: v
Found 1 external functions with name: JumpHead! (w)
Registered instruction: JumpHead index: 22; id: 22; symbol: w
Found 1 external functions with name: GetHead! (x)
Registered instruction: GetHead index: 23; id: 23; symbol: x
Found 1 external functions with name: IfLabel! (y)
Registered instruction: IfLabel index: 24; id: 24; symbol: y
Found 1 external functions with name: SetFlow! (z)
Registered instruction: SetFlow index: 25; id: 25; symbol: z
Writing instruction set to file: inst_set_output.txt
random_seed = 350

UD:1  mean_generation=0  num_orgs=1  merit_mean=1  genome_length_mean=50
UD:2  mean_generation=0  num_orgs=1  merit_mean=1  genome_length_mean=50
UD:3  mean_generation=0  num_orgs=1  merit_mean=1  genome_length_mean=50
UD:4  mean_generation=0  num_orgs=1  merit_mean=1  genome_length_mean=50
UD:5  mean_generation=0  num_orgs=1  merit_mean=1  genome_length_mean=50
UD:6  mean_generation=0  num_orgs=1  merit_mean=1  genome_length_mean=50
UD:7  mean_generation=0.5  num_orgs=2  merit_mean=1  genome_length_mean=50
UD:8  mean_generation=0.5  num_orgs=2  merit_mean=1  genome_length_mean=50
UD:9  mean_generation=0.5  num_orgs=2  merit_mean=1  genome_length_mean=50
UD:10  mean_generation=0.5  num_orgs=2  merit_mean=1  genome_length_mean=50
UD:11  mean_generation=0.5  num_orgs=2  merit_mean=1  genome_length_mean=50
UD:12  mean_generation=1  num_orgs=3  merit_mean=1  genome_length_mean=58.3333
UD:13  mean_generation=1  num_orgs=3  merit_mean=1  genome_length_mean=58.3333
UD:14  mean_generation=1  num_orgs=3  merit_mean=1  genome_length_mean=58.3333
UD:15  mean_generation=1  num_orgs=4  merit_mean=1  genome_length_mean=56.25
UD:16  mean_generation=1  num_orgs=4  merit_mean=1  genome_length_mean=56.25
UD:17  mean_generation=1  num_orgs=4  merit_mean=1  genome_length_mean=56.25
UD:18  mean_generation=1.5  num_orgs=4  merit_mean=1  genome_length_mean=62.5
UD:19  mean_generation=1.5  num_orgs=4  merit_mean=1  genome_length_mean=62.5
UD:20  mean_generation=1.6  num_orgs=5  merit_mean=1  genome_length_mean=60
UD:21  mean_generation=1.6  num_orgs=5  merit_mean=1  genome_length_mean=60
UD:22  mean_generation=1.6  num_orgs=5  merit_mean=1  genome_length_mean=60
UD:23  mean_generation=1.6  num_orgs=5  merit_mean=1  genome_length_mean=60
UD:24  mean_generation=1.6  num_orgs=5  merit_mean=1  genome_length_mean=60
UD:25  mean_generation=1.83333  num_orgs=6  merit_mean=1  genome_length_mean=58.3333
UD:26  mean_generation=1.83333  num_orgs=6  merit_mean=1  genome_length_mean=58.3333
UD:27  mean_generation=1.83333  num_orgs=6  merit_mean=1  genome_length_mean=58.3333
UD:28  mean_generation=1.83333  num_orgs=6  merit_mean=1  genome_length_mean=54.1667
UD:29  mean_generation=1.83333  num_orgs=6  merit_mean=1  genome_length_mean=54.1667
UD:30  mean_generation=1.83333  num_orgs=6  merit_mean=1  genome_length_mean=54.1667
UD:31  mean_generation=1.85714  num_orgs=7  merit_mean=1  genome_length_mean=57.1429
UD:32  mean_generation=1.85714  num_orgs=7  merit_mean=1  genome_length_mean=57.1429
UD:33  mean_generation=2  num_orgs=7  merit_mean=1  genome_length_mean=57
UD:34  mean_generation=2  num_orgs=7  merit_mean=1  genome_length_mean=57
UD:35  mean_generation=2  num_orgs=7  merit_mean=1  genome_length_mean=57
UD:36  mean_generation=2  num_orgs=8  merit_mean=1  genome_length_mean=56.125
UD:37  mean_generation=2  num_orgs=8  merit_mean=1  genome_length_mean=59.25
UD:38  mean_generation=2.375  num_orgs=8  merit_mean=1  genome_length_mean=62.125
UD:39  mean_generation=2.375  num_orgs=8  merit_mean=1  genome_length_mean=62.125
UD:40  mean_generation=2.375  num_orgs=8  merit_mean=1  genome_length_mean=62.125
UD:41  mean_generation=2.44444  num_orgs=9  merit_mean=1  genome_length_mean=60.7778
UD:42  mean_generation=2.44444  num_orgs=9  merit_mean=1  genome_length_mean=60.7778
UD:43  mean_generation=2.44444  num_orgs=9  merit_mean=1  genome_length_mean=60.7778
UD:44  mean_generation=2.33333  num_orgs=9  merit_mean=1  genome_length_mean=60.8889
UD:45  mean_generation=2.33333  num_orgs=9  merit_mean=1  genome_length_mean=60.8889
UD:46  mean_generation=2.33333  num_orgs=9  merit_mean=1  genome_length_mean=60.8889
UD:47  mean_generation=2.5  num_orgs=10  merit_mean=1  genome_length_mean=59.8
UD:48  mean_generation=2.5  num_orgs=10  merit_mean=1  genome_length_mean=59.8
UD:49  mean_generation=2.54545  num_orgs=11  merit_mean=1  genome_length_mean=58.9091
UD:50  mean_generation=2.58333  num_orgs=12  merit_mean=1  genome_length_mean=58.1667
UD:51  mean_generation=2.58333  num_orgs=12  merit_mean=1  genome_length_mean=58.1667
UD:52  mean_generation=2.76923  num_orgs=13  merit_mean=1  genome_length_mean=57.5385
UD:53  mean_generation=2.61538  num_orgs=13  merit_mean=1  genome_length_mean=55.7692
UD:54  mean_generation=2.61538  num_orgs=13  merit_mean=1  genome_length_mean=55.7692
UD:55  mean_generation=3  num_orgs=14  merit_mean=1  genome_length_mean=55.3571
UD:56  mean_generation=3  num_orgs=14  merit_mean=1  genome_length_mean=55.3571
UD:57  mean_generation=3  num_orgs=14  merit_mean=1  genome_length_mean=55.3571
UD:58  mean_generation=3.14286  num_orgs=14  merit_mean=1  genome_length_mean=55.3571
UD:59  mean_generation=3.07143  num_orgs=14  merit_mean=1  genome_length_mean=55.2857
UD:60  mean_generation=3.26667  num_orgs=15  merit_mean=1  genome_length_mean=54.9333
UD:61  mean_generation=3.2  num_orgs=15  merit_mean=1  genome_length_mean=55
UD:62  mean_generation=3.2  num_orgs=15  merit_mean=1  genome_length_mean=55
UD:63  mean_generation=3.5  num_orgs=18  merit_mean=1  genome_length_mean=54.1667
UD:64  mean_generation=3.63158  num_orgs=19  merit_mean=1  genome_length_mean=53.9474
UD:65  mean_generation=3.63158  num_orgs=19  merit_mean=1  genome_length_mean=53.9474
UD:66  mean_generation=3.80952  num_orgs=21  merit_mean=1  genome_length_mean=53.5238
UD:67  mean_generation=3.85714  num_orgs=21  merit_mean=1  genome_length_mean=52.3333
UD:68  mean_generation=3.85714  num_orgs=21  merit_mean=1  genome_length_mean=52.3333
UD:69  mean_generation=4.21739  num_orgs=23  merit_mean=1  genome_length_mean=52.1304
UD:70  mean_generation=4.08696  num_orgs=23  merit_mean=1  genome_length_mean=52.1304
UD:71  mean_generation=4.33333  num_orgs=24  merit_mean=1  genome_length_mean=51
UD:72  mean_generation=4.4  num_orgs=25  merit_mean=1  genome_length_mean=50.92
UD:73  mean_generation=4.52  num_orgs=25  merit_mean=1  genome_length_mean=50.92
UD:74  mean_generation=4.65385  num_orgs=26  merit_mean=1  genome_length_mean=50.8846
UD:75  mean_generation=4.77778  num_orgs=27  merit_mean=1  genome_length_mean=50.8889
UD:76  mean_generation=4.96296  num_orgs=27  merit_mean=1  genome_length_mean=49.963
UD:77  mean_generation=5.21429  num_orgs=28  merit_mean=1  genome_length_mean=49.9643
UD:78  mean_generation=5.25  num_orgs=28  merit_mean=1  genome_length_mean=50
UD:79  mean_generation=5.34483  num_orgs=29  merit_mean=1  genome_length_mean=49.9655
UD:80  mean_generation=5.43333  num_orgs=30  merit_mean=1  genome_length_mean=49.9667
UD:81  mean_generation=5.6129  num_orgs=31  merit_mean=1  genome_length_mean=49.9677
UD:82  mean_generation=6.0625  num_orgs=32  merit_mean=1  genome_length_mean=49.9062
UD:83  mean_generation=6.15152  num_orgs=33  merit_mean=1  genome_length_mean=49.9091
UD:84  mean_generation=6.14286  num_orgs=35  merit_mean=1  genome_length_mean=49.8857
UD:85  mean_generation=6.33333  num_orgs=36  merit_mean=1  genome_length_mean=49.8889
UD:86  mean_generation=6.30556  num_orgs=36  merit_mean=1  genome_length_mean=49.8889
UD:87  mean_generation=6.44737  num_orgs=38  merit_mean=1  genome_length_mean=49.9474
UD:88  mean_generation=6.53659  num_orgs=41  merit_mean=1  genome_length_mean=49.9512
UD:89  mean_generation=6.71429  num_orgs=42  merit_mean=1  genome_length_mean=49.9286
UD:90  mean_generation=6.81818  num_orgs=44  merit_mean=1  genome_length_mean=49.9318
UD:91  mean_generation=6.86667  num_orgs=45  merit_mean=1  genome_length_mean=49.9333
UD:92  mean_generation=6.93478  num_orgs=46  merit_mean=1  genome_length_mean=49.9565
UD:93  mean_generation=6.93617  num_orgs=47  merit_mean=1  genome_length_mean=49.9787
UD:94  mean_generation=7.10417  num_orgs=48  merit_mean=1  genome_length_mean=49.9583
UD:95  mean_generation=7.18367  num_orgs=49  merit_mean=1  genome_length_mean=49.9388
UD:96  mean_generation=7.24  num_orgs=50  merit_mean=1  genome_length_mean=49.94
UD:97  mean_generation=7.40385  num_orgs=52  merit_mean=1  genome_length_mean=49.9038
UD:98  mean_generation=7.47273  num_orgs=55  merit_mean=1  genome_length_mean=49.9091
UD:99  mean_generation=7.53571  num_orgs=56  merit_mean=1  genome_length_mean=49.9107
UD:100  mean_generation=7.59649  num_orgs=57  merit_mean=1  genome_length_mean=49.9123
