EMP_TRACK_MEM: Pointer tracking is active!
Loading file(s): 'Diagnostics.mabe'
Setting Random Seed to 2000
random_seed = 2000

UD:1  MainPopSize=512  AveFitness=169.298  MaxFitness=425.437
UD:2  MainPopSize=512  AveFitness=274.539  MaxFitness=426.186
UD:3  MainPopSize=512  AveFitness=370.571  MaxFitness=426.635
UD:4  MainPopSize=512  AveFitness=421.067  MaxFitness=427.345
UD:5  MainPopSize=512  AveFitness=422.417  MaxFitness=427.345
UD:6  MainPopSize=512  AveFitness=423.327  MaxFitness=428.922
UD:7  MainPopSize=512  AveFitness=424.226  MaxFitness=429.665
UD:8  MainPopSize=512  AveFitness=424.805  MaxFitness=430.981
UD:9  MainPopSize=512  AveFitness=425.268  MaxFitness=430.981
UD:10  MainPopSize=512  AveFitness=426.689  MaxFitness=431.325
UD:11  MainPopSize=512  AveFitness=429.466  MaxFitness=431.325
UD:12  MainPopSize=512  AveFitness=430.431  MaxFitness=433.343
UD:13  MainPopSize=512  AveFitness=430.084  MaxFitness=433.343
UD:14  MainPopSize=512  AveFitness=430.846  MaxFitness=433.876
UD:15  MainPopSize=512  AveFitness=430.819  MaxFitness=435.645
UD:16  MainPopSize=512  AveFitness=430.616  MaxFitness=435.645
UD:17  MainPopSize=512  AveFitness=431.489  MaxFitness=436.452
UD:18  MainPopSize=512  AveFitness=433.228  MaxFitness=436.933
UD:19  MainPopSize=512  AveFitness=433.397  MaxFitness=437.679
UD:20  MainPopSize=512  AveFitness=434.188  MaxFitness=438.83
UD:21  MainPopSize=512  AveFitness=434.346  MaxFitness=439.435
UD:22  MainPopSize=512  AveFitness=434.127  MaxFitness=440.019
UD:23  MainPopSize=512  AveFitness=437.105  MaxFitness=441.191
UD:24  MainPopSize=512  AveFitness=437.459  MaxFitness=442.15
UD:25  MainPopSize=512  AveFitness=436.845  MaxFitness=442.179
UD:26  MainPopSize=512  AveFitness=436.76  MaxFitness=442.905
UD:27  MainPopSize=512  AveFitness=438.836  MaxFitness=443.262
UD:28  MainPopSize=512  AveFitness=438.867  MaxFitness=443.746
UD:29  MainPopSize=512  AveFitness=438.209  MaxFitness=444.816
UD:30  MainPopSize=512  AveFitness=440.055  MaxFitness=444.816
UD:31  MainPopSize=512  AveFitness=442.412  MaxFitness=446.029
UD:32  MainPopSize=512  AveFitness=443.965  MaxFitness=446.029
UD:33  MainPopSize=512  AveFitness=443.931  MaxFitness=447.715
UD:34  MainPopSize=512  AveFitness=444.733  MaxFitness=447.715
UD:35  MainPopSize=512  AveFitness=444.958  MaxFitness=448.45
UD:36  MainPopSize=512  AveFitness=445.814  MaxFitness=450.041
UD:37  MainPopSize=512  AveFitness=443.354  MaxFitness=450.397
UD:38  MainPopSize=512  AveFitness=446.177  MaxFitness=451.484
UD:39  MainPopSize=512  AveFitness=449.459  MaxFitness=451.944
UD:40  MainPopSize=512  AveFitness=448.76  MaxFitness=453.258
UD:41  MainPopSize=512  AveFitness=445.923  MaxFitness=453.258
UD:42  MainPopSize=512  AveFitness=449.982  MaxFitness=454.392
UD:43  MainPopSize=512  AveFitness=448.936  MaxFitness=455.821
UD:44  MainPopSize=512  AveFitness=452.42  MaxFitness=456.859
UD:45  MainPopSize=512  AveFitness=451.334  MaxFitness=456.859
UD:46  MainPopSize=512  AveFitness=454.846  MaxFitness=457.447
UD:47  MainPopSize=512  AveFitness=453.883  MaxFitness=458.394
UD:48  MainPopSize=512  AveFitness=452.548  MaxFitness=458.738
UD:49  MainPopSize=512  AveFitness=454.674  MaxFitness=458.965
UD:50  MainPopSize=512  AveFitness=454.373  MaxFitness=461.053
EMP_TRACK_MEM: No memory leaks found!
 109122 pointers found; all have been cleaned up fully.
