index, id, char, name
0, 0, a, NopA
1, 1, b, NopB
2, 2, c, NopC
3, 3, d, IfNEqu
4, 4, e, IfLess
5, 5, f, Pop
6, 6, g, Push
7, 7, h, SwapStk
8, 8, i, Swap
9, 9, j, ShiftR
10, 10, k, ShiftL
11, 11, l, Inc
12, 12, m, Dec
13, 13, n, Add
14, 14, o, Sub
15, 15, p, Nand
16, 16, q, IO
17, 17, r, HAlloc
18, 18, s, HDivide
19, 19, t, HCopy
20, 20, u, HSearch
21, 21, v, MovHead
22, 22, w, JumpHead
23, 23, x, GetHead
24, 24, y, IfLabel
25, 25, z, SetFlow
