EMP_TRACK_MEM: Pointer tracking is active!
Loading file(s): 'logic_9_debug.mabe'
Setting Random Seed to 301
Found 29 external functions! Repro HSearch HCopy HDivide JumpHead SwapStk Push Pop MoveHeadIfNEqu SetFlow GetHead IfLabel NopA HAlloc NopB NopX NopC Sub Swap Inc Nand Add MovHead IfLess ShiftL ShiftR Dec IfNEqu IO
Found 1 external functions with name: NopA! (a)
Registered instruction: NopA index: 0; id: 0; symbol: a
Found 1 external functions with name: NopB! (b)
Registered instruction: NopB index: 1; id: 1; symbol: b
Found 1 external functions with name: NopC! (c)
Registered instruction: NopC index: 2; id: 2; symbol: c
Found 1 external functions with name: IfNEqu! (d)
Registered instruction: IfNEqu index: 3; id: 3; symbol: d
Found 1 external functions with name: IfLess! (e)
Registered instruction: IfLess index: 4; id: 4; symbol: e
Found 1 external functions with name: Pop! (f)
Registered instruction: Pop index: 5; id: 5; symbol: f
Found 1 external functions with name: Push! (g)
Registered instruction: Push index: 6; id: 6; symbol: g
Found 1 external functions with name: SwapStk! (h)
Registered instruction: SwapStk index: 7; id: 7; symbol: h
Found 1 external functions with name: Swap! (i)
Registered instruction: Swap index: 8; id: 8; symbol: i
Found 1 external functions with name: ShiftR! (j)
Registered instruction: ShiftR index: 9; id: 9; symbol: j
Found 1 external functions with name: ShiftL! (k)
Registered instruction: ShiftL index: 10; id: 10; symbol: k
Found 1 external functions with name: Inc! (l)
Registered instruction: Inc index: 11; id: 11; symbol: l
Found 1 external functions with name: Dec! (m)
Registered instruction: Dec index: 12; id: 12; symbol: m
Found 1 external functions with name: Add! (n)
Registered instruction: Add index: 13; id: 13; symbol: n
Found 1 external functions with name: Sub! (o)
Registered instruction: Sub index: 14; id: 14; symbol: o
Found 1 external functions with name: Nand! (p)
Registered instruction: Nand index: 15; id: 15; symbol: p
Found 10 external functions with name: IO! (q)
Registered instruction: IO index: 16; id: 16; symbol: q
Found 1 external functions with name: HAlloc! (r)
Registered instruction: HAlloc index: 17; id: 17; symbol: r
Found 1 external functions with name: HDivide! (s)
Registered instruction: HDivide index: 18; id: 18; symbol: s
Found 1 external functions with name: HCopy! (t)
Registered instruction: HCopy index: 19; id: 19; symbol: t
Found 1 external functions with name: HSearch! (u)
Registered instruction: HSearch index: 20; id: 20; symbol: u
Found 1 external functions with name: MovHead! (v)
Registered instruction: MovHead index: 21; id: 21; symbol: v
Found 1 external functions with name: JumpHead! (w)
Registered instruction: JumpHead index: 22; id: 22; symbol: w
Found 1 external functions with name: GetHead! (x)
Registered instruction: GetHead index: 23; id: 23; symbol: x
Found 1 external functions with name: IfLabel! (y)
Registered instruction: IfLabel index: 24; id: 24; symbol: y
Found 1 external functions with name: SetFlow! (z)
Registered instruction: SetFlow index: 25; id: 25; symbol: z
random_seed = 301

UD:1  mean_generation=0  pop_size=1  merit_mean=1  merit_max=1  not_frac=0  nand_frac=0  genome_length_max=50  genome_length_mean=50
UD:2  mean_generation=0  pop_size=1  merit_mean=1  merit_max=1  not_frac=0  nand_frac=0  genome_length_max=50  genome_length_mean=50
UD:3  mean_generation=0  pop_size=1  merit_mean=1  merit_max=1  not_frac=0  nand_frac=0  genome_length_max=50  genome_length_mean=50
UD:4  mean_generation=0  pop_size=1  merit_mean=1  merit_max=1  not_frac=0  nand_frac=0  genome_length_max=50  genome_length_mean=50
UD:5  mean_generation=0  pop_size=1  merit_mean=1  merit_max=1  not_frac=0  nand_frac=0  genome_length_max=50  genome_length_mean=50
UD:6  mean_generation=0  pop_size=1  merit_mean=1  merit_max=1  not_frac=0  nand_frac=0  genome_length_max=50  genome_length_mean=50
UD:7  mean_generation=0.5  pop_size=2  merit_mean=1  merit_max=1  not_frac=0  nand_frac=0  genome_length_max=50  genome_length_mean=50
UD:8  mean_generation=0.5  pop_size=2  merit_mean=1  merit_max=1  not_frac=0  nand_frac=0  genome_length_max=50  genome_length_mean=50
UD:9  mean_generation=0.5  pop_size=2  merit_mean=1  merit_max=1  not_frac=0  nand_frac=0  genome_length_max=50  genome_length_mean=50
UD:10  mean_generation=0.5  pop_size=2  merit_mean=1  merit_max=1  not_frac=0  nand_frac=0  genome_length_max=50  genome_length_mean=50
UD:11  mean_generation=0.5  pop_size=2  merit_mean=1  merit_max=1  not_frac=0  nand_frac=0  genome_length_max=50  genome_length_mean=50
UD:12  mean_generation=0.5  pop_size=2  merit_mean=1  merit_max=1  not_frac=0  nand_frac=0  genome_length_max=50  genome_length_mean=50
UD:13  mean_generation=0.5  pop_size=2  merit_mean=1  merit_max=1  not_frac=0  nand_frac=0  genome_length_max=50  genome_length_mean=50
UD:14  mean_generation=1  pop_size=3  merit_mean=1  merit_max=1  not_frac=0  nand_frac=0  genome_length_max=50  genome_length_mean=49
UD:15  mean_generation=1  pop_size=3  merit_mean=1  merit_max=1  not_frac=0  nand_frac=0  genome_length_max=50  genome_length_mean=49
UD:16  mean_generation=1  pop_size=4  merit_mean=1  merit_max=1  not_frac=0  nand_frac=0  genome_length_max=50  genome_length_mean=49.25
UD:17  mean_generation=1  pop_size=4  merit_mean=1  merit_max=1  not_frac=0  nand_frac=0  genome_length_max=50  genome_length_mean=49.25
UD:18  mean_generation=1  pop_size=4  merit_mean=1  merit_max=1  not_frac=0  nand_frac=0  genome_length_max=50  genome_length_mean=49.25
UD:19  mean_generation=1  pop_size=4  merit_mean=1  merit_max=1  not_frac=0  nand_frac=0  genome_length_max=50  genome_length_mean=49.25
UD:20  mean_generation=1  pop_size=4  merit_mean=1  merit_max=1  not_frac=0  nand_frac=0  genome_length_max=50  genome_length_mean=49.25
UD:21  mean_generation=1.2  pop_size=5  merit_mean=1  merit_max=1  not_frac=0  nand_frac=0  genome_length_max=50  genome_length_mean=49.4
UD:22  mean_generation=1.33333  pop_size=6  merit_mean=1  merit_max=1  not_frac=0  nand_frac=0  genome_length_max=50  genome_length_mean=49.3333
UD:23  mean_generation=1.33333  pop_size=6  merit_mean=1  merit_max=1  not_frac=0  nand_frac=0  genome_length_max=50  genome_length_mean=49.3333
UD:24  mean_generation=1.57143  pop_size=7  merit_mean=1  merit_max=1  not_frac=0  nand_frac=0  genome_length_max=50  genome_length_mean=48.8571
UD:25  mean_generation=1.57143  pop_size=7  merit_mean=1  merit_max=1  not_frac=0  nand_frac=0  genome_length_max=50  genome_length_mean=48.8571
UD:26  mean_generation=1.5  pop_size=8  merit_mean=1  merit_max=1  not_frac=0  nand_frac=0  genome_length_max=53  genome_length_mean=49.375
UD:27  mean_generation=1.55556  pop_size=9  merit_mean=1  merit_max=1  not_frac=0  nand_frac=0  genome_length_max=53  genome_length_mean=49.3333
UD:28  mean_generation=1.55556  pop_size=9  merit_mean=1  merit_max=1  not_frac=0  nand_frac=0  genome_length_max=53  genome_length_mean=49.3333
UD:29  mean_generation=1.6  pop_size=10  merit_mean=1  merit_max=1  not_frac=0  nand_frac=0  genome_length_max=53  genome_length_mean=49.4
UD:30  mean_generation=1.63636  pop_size=11  merit_mean=1  merit_max=1  not_frac=0  nand_frac=0  genome_length_max=80  genome_length_mean=52.1818
UD:31  mean_generation=1.75  pop_size=12  merit_mean=1  merit_max=1  not_frac=0  nand_frac=0  genome_length_max=80  genome_length_mean=51.8333
UD:32  mean_generation=1.75  pop_size=12  merit_mean=1  merit_max=1  not_frac=0  nand_frac=0  genome_length_max=80  genome_length_mean=51.8333
UD:33  mean_generation=1.85714  pop_size=14  merit_mean=1  merit_max=1  not_frac=0  nand_frac=0  genome_length_max=80  genome_length_mean=51.3571
UD:34  mean_generation=1.9375  pop_size=16  merit_mean=1  merit_max=1  not_frac=0  nand_frac=0  genome_length_max=80  genome_length_mean=50.75
UD:35  mean_generation=1.94118  pop_size=17  merit_mean=1  merit_max=1  not_frac=0  nand_frac=0  genome_length_max=80  genome_length_mean=52.4118
UD:36  mean_generation=1.94444  pop_size=18  merit_mean=1  merit_max=1  not_frac=0  nand_frac=0  genome_length_max=80  genome_length_mean=52.2778
UD:37  mean_generation=1.94444  pop_size=18  merit_mean=1  merit_max=1  not_frac=0  nand_frac=0  genome_length_max=80  genome_length_mean=52.2778
UD:38  mean_generation=1.94444  pop_size=18  merit_mean=1  merit_max=1  not_frac=0  nand_frac=0  genome_length_max=80  genome_length_mean=52.2778
UD:39  mean_generation=2  pop_size=20  merit_mean=1  merit_max=1  not_frac=0  nand_frac=0  genome_length_max=80  genome_length_mean=51.95
UD:40  mean_generation=2.04545  pop_size=22  merit_mean=1  merit_max=1  not_frac=0  nand_frac=0  genome_length_max=80  genome_length_mean=52.9545
UD:41  mean_generation=2.04545  pop_size=22  merit_mean=1  merit_max=1  not_frac=0  nand_frac=0  genome_length_max=80  genome_length_mean=52.9545
UD:42  mean_generation=2.08696  pop_size=23  merit_mean=1  merit_max=1  not_frac=0  nand_frac=0  genome_length_max=80  genome_length_mean=52.8261
UD:43  mean_generation=2.14286  pop_size=28  merit_mean=1  merit_max=1  not_frac=0  nand_frac=0  genome_length_max=80  genome_length_mean=52.1071
UD:44  mean_generation=2.23333  pop_size=30  merit_mean=1  merit_max=1  not_frac=0  nand_frac=0  genome_length_max=80  genome_length_mean=51.8333
UD:45  mean_generation=2.27273  pop_size=33  merit_mean=1  merit_max=1  not_frac=0  nand_frac=0  genome_length_max=80  genome_length_mean=53.2727
UD:46  mean_generation=2.27273  pop_size=33  merit_mean=1  merit_max=1  not_frac=0  nand_frac=0  genome_length_max=80  genome_length_mean=53.2727
UD:47  mean_generation=2.29412  pop_size=34  merit_mean=1  merit_max=1  not_frac=0  nand_frac=0  genome_length_max=80  genome_length_mean=53.1471
UD:48  mean_generation=2.34211  pop_size=38  merit_mean=1  merit_max=1  not_frac=0  nand_frac=0  genome_length_max=80  genome_length_mean=53.5789
UD:49  mean_generation=2.35897  pop_size=39  merit_mean=1  merit_max=1  not_frac=0  nand_frac=0  genome_length_max=80  genome_length_mean=53.4872
UD:50  mean_generation=2.38095  pop_size=42  merit_mean=1  merit_max=1  not_frac=0  nand_frac=0  genome_length_max=80  genome_length_mean=53.2857
UD:51  mean_generation=2.36364  pop_size=44  merit_mean=1  merit_max=1  not_frac=0  nand_frac=0  genome_length_max=80  genome_length_mean=53.1364
UD:52  mean_generation=2.41667  pop_size=48  merit_mean=1  merit_max=1  not_frac=0  nand_frac=0  genome_length_max=80  genome_length_mean=53.3125
UD:53  mean_generation=2.44  pop_size=50  merit_mean=1  merit_max=1  not_frac=0  nand_frac=0  genome_length_max=80  genome_length_mean=53.7
UD:54  mean_generation=2.44231  pop_size=52  merit_mean=1  merit_max=1  not_frac=0  nand_frac=0  genome_length_max=80  genome_length_mean=54.0962
UD:55  mean_generation=2.5  pop_size=54  merit_mean=1  merit_max=1  not_frac=0  nand_frac=0  genome_length_max=80  genome_length_mean=53.9074
UD:56  mean_generation=2.58333  pop_size=60  merit_mean=1  merit_max=1  not_frac=0  nand_frac=0  genome_length_max=80  genome_length_mean=53.4833
UD:57  mean_generation=2.57143  pop_size=63  merit_mean=1  merit_max=1  not_frac=0  nand_frac=0  genome_length_max=80  genome_length_mean=53.3333
UD:58  mean_generation=2.57576  pop_size=66  merit_mean=1  merit_max=1  not_frac=0  nand_frac=0  genome_length_max=80  genome_length_mean=53.9848
UD:59  mean_generation=2.6087  pop_size=69  merit_mean=1  merit_max=1  not_frac=0  nand_frac=0  genome_length_max=80  genome_length_mean=54.2029
UD:60  mean_generation=2.67123  pop_size=73  merit_mean=1  merit_max=1  not_frac=0  nand_frac=0  genome_length_max=80  genome_length_mean=54.4247
UD:61  mean_generation=2.71053  pop_size=76  merit_mean=1  merit_max=1  not_frac=0  nand_frac=0  genome_length_max=80  genome_length_mean=54.25
UD:62  mean_generation=2.70886  pop_size=79  merit_mean=1  merit_max=1  not_frac=0  nand_frac=0  genome_length_max=80  genome_length_mean=54.0759
UD:63  mean_generation=2.71429  pop_size=84  merit_mean=1  merit_max=1  not_frac=0  nand_frac=0  genome_length_max=80  genome_length_mean=54.2143
UD:64  mean_generation=2.75281  pop_size=89  merit_mean=1  merit_max=1  not_frac=0  nand_frac=0  genome_length_max=80  genome_length_mean=54.4719
UD:65  mean_generation=2.86735  pop_size=98  merit_mean=1  merit_max=1  not_frac=0  nand_frac=0  genome_length_max=80  genome_length_mean=54.4796
UD:66  mean_generation=2.89423  pop_size=104  merit_mean=1  merit_max=1  not_frac=0  nand_frac=0  genome_length_max=80  genome_length_mean=54.2788
UD:67  mean_generation=2.94495  pop_size=109  merit_mean=1  merit_max=1  not_frac=0  nand_frac=0  genome_length_max=80  genome_length_mean=54.6239
UD:68  mean_generation=2.97368  pop_size=114  merit_mean=1  merit_max=1  not_frac=0  nand_frac=0  genome_length_max=80  genome_length_mean=54.4211
UD:69  mean_generation=2.98319  pop_size=119  merit_mean=1  merit_max=1  not_frac=0  nand_frac=0  genome_length_max=80  genome_length_mean=54.4874
UD:70  mean_generation=2.984  pop_size=125  merit_mean=1  merit_max=1  not_frac=0  nand_frac=0  genome_length_max=80  genome_length_mean=54.464
UD:71  mean_generation=3.03101  pop_size=129  merit_mean=1  merit_max=1  not_frac=0  nand_frac=0  genome_length_max=80  genome_length_mean=54.3798
UD:72  mean_generation=3.12676  pop_size=142  merit_mean=1  merit_max=1  not_frac=0  nand_frac=0  genome_length_max=80  genome_length_mean=54.5634
UD:73  mean_generation=3.19079  pop_size=152  merit_mean=1  merit_max=1  not_frac=0  nand_frac=0  genome_length_max=80  genome_length_mean=54.3947
UD:74  mean_generation=3.21384  pop_size=159  merit_mean=1  merit_max=1  not_frac=0  nand_frac=0  genome_length_max=80  genome_length_mean=54.3774
UD:75  mean_generation=3.2426  pop_size=169  merit_mean=1  merit_max=1  not_frac=0  nand_frac=0  genome_length_max=80  genome_length_mean=54.0592
UD:76  mean_generation=3.30286  pop_size=175  merit_mean=1  merit_max=1  not_frac=0  nand_frac=0  genome_length_max=80  genome_length_mean=54.3543
UD:77  mean_generation=3.34444  pop_size=180  merit_mean=1  merit_max=1  not_frac=0  nand_frac=0  genome_length_max=80  genome_length_mean=54.2389
UD:78  mean_generation=3.35233  pop_size=193  merit_mean=1  merit_max=1  not_frac=0  nand_frac=0  genome_length_max=80  genome_length_mean=54.1503
UD:79  mean_generation=3.41089  pop_size=202  merit_mean=1  merit_max=1  not_frac=0  nand_frac=0  genome_length_max=80  genome_length_mean=54.0941
UD:80  mean_generation=3.43478  pop_size=207  merit_mean=1  merit_max=1  not_frac=0  nand_frac=0  genome_length_max=80  genome_length_mean=54.1401
UD:81  mean_generation=3.46364  pop_size=220  merit_mean=1  merit_max=1  not_frac=0  nand_frac=0  genome_length_max=80  genome_length_mean=54.1727
UD:82  mean_generation=3.49561  pop_size=228  merit_mean=1  merit_max=1  not_frac=0  nand_frac=0  genome_length_max=80  genome_length_mean=54.1184
UD:83  mean_generation=3.55  pop_size=240  merit_mean=1  merit_max=1  not_frac=0  nand_frac=0  genome_length_max=80  genome_length_mean=54.1167
UD:84  mean_generation=3.59846  pop_size=259  merit_mean=1  merit_max=1  not_frac=0  nand_frac=0  genome_length_max=80  genome_length_mean=53.9884
UD:85  mean_generation=3.66058  pop_size=274  merit_mean=1  merit_max=1  not_frac=0  nand_frac=0  genome_length_max=80  genome_length_mean=53.8978
UD:86  mean_generation=3.70922  pop_size=282  merit_mean=1  merit_max=1  not_frac=0  nand_frac=0  genome_length_max=80  genome_length_mean=53.9113
UD:87  mean_generation=3.70307  pop_size=293  merit_mean=1  merit_max=1  not_frac=0  nand_frac=0  genome_length_max=80  genome_length_mean=53.9932
UD:88  mean_generation=3.74593  pop_size=307  merit_mean=1  merit_max=1  not_frac=0  nand_frac=0  genome_length_max=80  genome_length_mean=53.9153
UD:89  mean_generation=3.81308  pop_size=321  merit_mean=1  merit_max=1  not_frac=0  nand_frac=0  genome_length_max=80  genome_length_mean=53.947
UD:90  mean_generation=3.87536  pop_size=345  merit_mean=1  merit_max=1  not_frac=0  nand_frac=0  genome_length_max=80  genome_length_mean=53.9681
UD:91  mean_generation=3.91341  pop_size=358  merit_mean=1  merit_max=1  not_frac=0  nand_frac=0  genome_length_max=80  genome_length_mean=53.9218
UD:92  mean_generation=3.97884  pop_size=378  merit_mean=1  merit_max=1  not_frac=0  nand_frac=0  genome_length_max=80  genome_length_mean=53.8333
UD:93  mean_generation=4.03741  pop_size=401  merit_mean=1  merit_max=1  not_frac=0  nand_frac=0  genome_length_max=80  genome_length_mean=53.8379
UD:94  mean_generation=4.04578  pop_size=415  merit_mean=1  merit_max=1  not_frac=0  nand_frac=0  genome_length_max=80  genome_length_mean=53.8265
UD:95  mean_generation=4.08986  pop_size=434  merit_mean=1  merit_max=1  not_frac=0  nand_frac=0  genome_length_max=80  genome_length_mean=53.7995
UD:96  mean_generation=4.16418  pop_size=469  merit_mean=1  merit_max=1  not_frac=0  nand_frac=0  genome_length_max=80  genome_length_mean=53.7036
UD:97  mean_generation=4.23092  pop_size=498  merit_mean=1  merit_max=1  not_frac=0  nand_frac=0  genome_length_max=80  genome_length_mean=53.7249
UD:98  mean_generation=4.31335  pop_size=517  merit_mean=1  merit_max=1  not_frac=0  nand_frac=0  genome_length_max=83  genome_length_mean=53.8027
UD:99  mean_generation=4.33271  pop_size=538  merit_mean=1  merit_max=1  not_frac=0  nand_frac=0  genome_length_max=83  genome_length_mean=53.7528
UD:100  mean_generation=4.36445  pop_size=557  merit_mean=1  merit_max=1  not_frac=0  nand_frac=0  genome_length_max=83  genome_length_mean=53.8797
EMP_TRACK_MEM: No memory leaks found!
 27069 pointers found; all have been cleaned up fully.
