EMP_TRACK_MEM: Pointer tracking is active!
Loading file(s): 'path_follow.mabe'
Setting Random Seed to 30
Loading!
Map #0 is 40x40, with 20 path tiles!
Found 39 external functions! sg-sense sg-rotate-r sg-rotate-l sg-move-back Repro GetHead MovHead ShiftL JumpHead Add Dec Nand Inc sg-move NopF SwapStk NopE ShiftR SetFlow SearchLabelDirectF Swap SearchSeqDirectS NopC NopB NopD SearchLabelDirectS IfNEqu SearchLabelDirectB NopA IO IfLabel IfLess MoveHeadIfNEqu SearchSeqDirectF Label Push Sub SearchSeqDirectB Pop
Found 1 external functions with name: sg-sense! (M)
Registered instruction: sg-sense index: 0; id: 38; symbol: M
Found 1 external functions with name: sg-rotate-r! (K)
Registered instruction: sg-rotate-r index: 1; id: 36; symbol: K
Found 1 external functions with name: sg-rotate-l! (L)
Registered instruction: sg-rotate-l index: 2; id: 37; symbol: L
Found 1 external functions with name: sg-move-back! (J)
Registered instruction: sg-move-back index: 3; id: 35; symbol: J
Found 1 external functions with name: Repro! (H)
Registered instruction: Repro index: 4; id: 33; symbol: H
Found 1 external functions with name: GetHead! (F)
Registered instruction: GetHead index: 5; id: 31; symbol: F
Found 1 external functions with name: MovHead! (D)
Registered instruction: MovHead index: 6; id: 29; symbol: D
Found 1 external functions with name: ShiftL! (l)
Registered instruction: ShiftL index: 7; id: 11; symbol: l
Found 1 external functions with name: JumpHead! (E)
Registered instruction: JumpHead index: 8; id: 30; symbol: E
Found 1 external functions with name: Add! (i)
Registered instruction: Add index: 9; id: 8; symbol: i
Found 1 external functions with name: Dec! (h)
Registered instruction: Dec index: 10; id: 7; symbol: h
Found 1 external functions with name: Nand! (k)
Registered instruction: Nand index: 11; id: 10; symbol: k
Found 1 external functions with name: Inc! (g)
Registered instruction: Inc index: 12; id: 6; symbol: g
Found 1 external functions with name: sg-move! (I)
Registered instruction: sg-move index: 13; id: 34; symbol: I
Found 1 external functions with name: NopF! (f)
Registered instruction: NopF index: 14; id: 5; symbol: f
Found 1 external functions with name: SwapStk! (B)
Registered instruction: SwapStk index: 15; id: 27; symbol: B
Found 1 external functions with name: NopE! (e)
Registered instruction: NopE index: 16; id: 4; symbol: e
Found 1 external functions with name: ShiftR! (m)
Registered instruction: ShiftR index: 17; id: 12; symbol: m
Found 1 external functions with name: SetFlow! (G)
Registered instruction: SetFlow index: 18; id: 32; symbol: G
Found 1 external functions with name: SearchLabelDirectF! (u)
Registered instruction: SearchLabelDirectF index: 19; id: 20; symbol: u
Found 1 external functions with name: Swap! (C)
Registered instruction: Swap index: 20; id: 28; symbol: C
Found 1 external functions with name: SearchSeqDirectS! (y)
Registered instruction: SearchSeqDirectS index: 21; id: 24; symbol: y
Found 1 external functions with name: NopC! (c)
Registered instruction: NopC index: 22; id: 2; symbol: c
Found 1 external functions with name: NopB! (b)
Registered instruction: NopB index: 23; id: 1; symbol: b
Found 1 external functions with name: NopD! (d)
Registered instruction: NopD index: 24; id: 3; symbol: d
Found 1 external functions with name: SearchLabelDirectS! (v)
Registered instruction: SearchLabelDirectS index: 25; id: 21; symbol: v
Found 1 external functions with name: IfNEqu! (o)
Registered instruction: IfNEqu index: 26; id: 14; symbol: o
Found 1 external functions with name: SearchLabelDirectB! (t)
Registered instruction: SearchLabelDirectB index: 27; id: 19; symbol: t
Found 1 external functions with name: NopA! (a)
Registered instruction: NopA index: 28; id: 0; symbol: a
Found 1 external functions with name: IO! (n)
Registered instruction: IO index: 29; id: 13; symbol: n
Found 1 external functions with name: IfLabel! (q)
Registered instruction: IfLabel index: 30; id: 16; symbol: q
Found 1 external functions with name: IfLess! (p)
Registered instruction: IfLess index: 31; id: 15; symbol: p
Found 1 external functions with name: MoveHeadIfNEqu! (r)
Registered instruction: MoveHeadIfNEqu index: 32; id: 17; symbol: r
Found 1 external functions with name: SearchSeqDirectF! (x)
Registered instruction: SearchSeqDirectF index: 33; id: 23; symbol: x
Found 1 external functions with name: Label! (s)
Registered instruction: Label index: 34; id: 18; symbol: s
Found 1 external functions with name: Push! (A)
Registered instruction: Push index: 35; id: 26; symbol: A
Found 1 external functions with name: Sub! (j)
Registered instruction: Sub index: 36; id: 9; symbol: j
Found 1 external functions with name: SearchSeqDirectB! (w)
Registered instruction: SearchSeqDirectB index: 37; id: 22; symbol: w
Found 1 external functions with name: Pop! (z)
Registered instruction: Pop index: 38; id: 25; symbol: z
Writing instruction set to file: inst_set.txt
random_seed = 30

UD:1  pop_size=1  merit_mean=0.01  merit_max=0.01  gen_mean=0
UD:2  pop_size=2  merit_mean=0.01  merit_max=0.01  gen_mean=0.5
UD:3  pop_size=2  merit_mean=0.01  merit_max=0.01  gen_mean=0.5
UD:4  pop_size=4  merit_mean=0.01  merit_max=0.01  gen_mean=1
UD:5  pop_size=4  merit_mean=0.01  merit_max=0.01  gen_mean=1
UD:6  pop_size=8  merit_mean=0.01  merit_max=0.01  gen_mean=1.5
UD:7  pop_size=9  merit_mean=0.01  merit_max=0.01  gen_mean=1.66667
UD:8  pop_size=15  merit_mean=0.01  merit_max=0.01  gen_mean=1.93333
UD:9  pop_size=19  merit_mean=0.00684211  merit_max=0.01  gen_mean=2.10526
UD:10  pop_size=28  merit_mean=0.00785714  merit_max=0.01  gen_mean=2.42857
UD:11  pop_size=38  merit_mean=0.00789474  merit_max=0.05  gen_mean=2.73684
UD:12  pop_size=55  merit_mean=0.00781818  merit_max=0.05  gen_mean=3
UD:13  pop_size=77  merit_mean=0.00909091  merit_max=0.1  gen_mean=3.32468
UD:14  pop_size=108  merit_mean=0.00722222  merit_max=0.05  gen_mean=3.51852
UD:15  pop_size=156  merit_mean=0.01  merit_max=0.1  gen_mean=3.76923
UD:16  pop_size=208  merit_mean=0.00769231  merit_max=0.05  gen_mean=4.07692
UD:17  pop_size=312  merit_mean=0.0100321  merit_max=0.15  gen_mean=4.29487
UD:18  pop_size=360  merit_mean=0.00738889  merit_max=0.2  gen_mean=4.62778
UD:19  pop_size=360  merit_mean=0.00844444  merit_max=0.25  gen_mean=4.91111
UD:20  pop_size=360  merit_mean=0.00869444  merit_max=0.1  gen_mean=5.28611
UD:21  pop_size=360  merit_mean=0.00941667  merit_max=0.1  gen_mean=5.56111
UD:22  pop_size=360  merit_mean=0.00875  merit_max=0.1  gen_mean=5.86389
UD:23  pop_size=360  merit_mean=0.00722222  merit_max=0.1  gen_mean=6.21667
UD:24  pop_size=360  merit_mean=0.01  merit_max=0.1  gen_mean=6.50833
UD:25  pop_size=360  merit_mean=0.009  merit_max=0.1  gen_mean=6.94444
UD:26  pop_size=360  merit_mean=0.00894444  merit_max=0.15  gen_mean=7.275
UD:27  pop_size=360  merit_mean=0.009  merit_max=0.15  gen_mean=7.64722
UD:28  pop_size=360  merit_mean=0.00791667  merit_max=0.2  gen_mean=7.91667
UD:29  pop_size=360  merit_mean=0.00902778  merit_max=0.2  gen_mean=8.34444
UD:30  pop_size=360  merit_mean=0.00786111  merit_max=0.25  gen_mean=8.78889
UD:31  pop_size=360  merit_mean=0.00666667  merit_max=0.2  gen_mean=9.24167
UD:32  pop_size=360  merit_mean=0.00488889  merit_max=0.1  gen_mean=9.75833
UD:33  pop_size=360  merit_mean=0.00722222  merit_max=0.1  gen_mean=10.2528
UD:34  pop_size=360  merit_mean=0.00491667  merit_max=0.1  gen_mean=10.7667
UD:35  pop_size=360  merit_mean=0.00230556  merit_max=0.1  gen_mean=11.2833
UD:36  pop_size=360  merit_mean=0.00302778  merit_max=0.1  gen_mean=11.5972
UD:37  pop_size=360  merit_mean=0.00947222  merit_max=0.1  gen_mean=11.9694
UD:38  pop_size=360  merit_mean=0.00897222  merit_max=0.1  gen_mean=12.4083
UD:39  pop_size=360  merit_mean=0.00894444  merit_max=0.1  gen_mean=12.9083
UD:40  pop_size=360  merit_mean=0.0085  merit_max=0.15  gen_mean=13.4139
UD:41  pop_size=360  merit_mean=0.00805556  merit_max=0.1  gen_mean=13.7861
UD:42  pop_size=360  merit_mean=0.00808333  merit_max=0.1  gen_mean=14.4222
UD:43  pop_size=360  merit_mean=0.0118611  merit_max=0.1  gen_mean=15.1
UD:44  pop_size=360  merit_mean=0.0126389  merit_max=0.1  gen_mean=15.7028
UD:45  pop_size=360  merit_mean=0.0133333  merit_max=0.15  gen_mean=16.2528
UD:46  pop_size=360  merit_mean=0.0155833  merit_max=0.1  gen_mean=16.8417
UD:47  pop_size=360  merit_mean=0.0189167  merit_max=0.1  gen_mean=17.3556
UD:48  pop_size=360  merit_mean=0.0162778  merit_max=0.1  gen_mean=17.8556
UD:49  pop_size=360  merit_mean=0.01875  merit_max=0.1  gen_mean=18.6111
UD:50  pop_size=360  merit_mean=0.0168333  merit_max=0.1  gen_mean=19.2556
UD:51  pop_size=360  merit_mean=0.0195  merit_max=0.1  gen_mean=19.8222
UD:52  pop_size=360  merit_mean=0.0189167  merit_max=0.1  gen_mean=20.2083
UD:53  pop_size=360  merit_mean=0.0229444  merit_max=0.1  gen_mean=20.9472
UD:54  pop_size=360  merit_mean=0.0206667  merit_max=0.1  gen_mean=21.6194
UD:55  pop_size=360  merit_mean=0.0206944  merit_max=0.15  gen_mean=22.4667
UD:56  pop_size=360  merit_mean=0.0235833  merit_max=0.15  gen_mean=23.0611
UD:57  pop_size=360  merit_mean=0.0256111  merit_max=0.15  gen_mean=23.6139
UD:58  pop_size=360  merit_mean=0.0223611  merit_max=0.15  gen_mean=24.1556
UD:59  pop_size=360  merit_mean=0.026  merit_max=0.15  gen_mean=24.775
UD:60  pop_size=360  merit_mean=0.0250278  merit_max=0.1  gen_mean=25.25
UD:61  pop_size=360  merit_mean=0.0255833  merit_max=0.15  gen_mean=25.5972
UD:62  pop_size=360  merit_mean=0.025  merit_max=0.1  gen_mean=26.2444
UD:63  pop_size=360  merit_mean=0.0248333  merit_max=0.1  gen_mean=26.8778
UD:64  pop_size=360  merit_mean=0.0273333  merit_max=0.1  gen_mean=27.4278
UD:65  pop_size=360  merit_mean=0.0240278  merit_max=0.1  gen_mean=27.825
UD:66  pop_size=360  merit_mean=0.0237778  merit_max=0.1  gen_mean=28.3167
UD:67  pop_size=360  merit_mean=0.0228889  merit_max=0.1  gen_mean=28.9528
UD:68  pop_size=360  merit_mean=0.0248611  merit_max=0.25  gen_mean=29.3972
UD:69  pop_size=360  merit_mean=0.0245833  merit_max=0.15  gen_mean=30.1861
UD:70  pop_size=360  merit_mean=0.0243333  merit_max=0.15  gen_mean=30.75
UD:71  pop_size=360  merit_mean=0.022  merit_max=0.15  gen_mean=31.2556
UD:72  pop_size=360  merit_mean=0.02625  merit_max=0.2  gen_mean=31.8972
UD:73  pop_size=360  merit_mean=0.0236111  merit_max=0.1  gen_mean=32.3806
UD:74  pop_size=360  merit_mean=0.0218056  merit_max=0.15  gen_mean=33.2472
UD:75  pop_size=360  merit_mean=0.0240556  merit_max=0.15  gen_mean=33.6694
UD:76  pop_size=360  merit_mean=0.0248611  merit_max=0.15  gen_mean=34.3139
UD:77  pop_size=360  merit_mean=0.0280556  merit_max=0.15  gen_mean=34.5417
UD:78  pop_size=360  merit_mean=0.0278889  merit_max=0.2  gen_mean=35
UD:79  pop_size=360  merit_mean=0.0296389  merit_max=0.15  gen_mean=35.5333
UD:80  pop_size=360  merit_mean=0.02525  merit_max=0.15  gen_mean=35.6694
UD:81  pop_size=360  merit_mean=0.0279444  merit_max=0.2  gen_mean=36.3389
UD:82  pop_size=360  merit_mean=0.0258889  merit_max=0.25  gen_mean=36.8139
UD:83  pop_size=360  merit_mean=0.0263611  merit_max=0.2  gen_mean=37.4306
UD:84  pop_size=360  merit_mean=0.0254167  merit_max=0.15  gen_mean=37.75
UD:85  pop_size=360  merit_mean=0.0245278  merit_max=0.15  gen_mean=38.225
UD:86  pop_size=360  merit_mean=0.0231111  merit_max=0.15  gen_mean=38.4056
UD:87  pop_size=360  merit_mean=0.02075  merit_max=0.15  gen_mean=38.6
UD:88  pop_size=360  merit_mean=0.0214167  merit_max=0.2  gen_mean=38.9278
UD:89  pop_size=360  merit_mean=0.0193611  merit_max=0.25  gen_mean=39.3306
UD:90  pop_size=360  merit_mean=0.0140278  merit_max=0.15  gen_mean=39.7472
UD:91  pop_size=360  merit_mean=0.0188889  merit_max=0.15  gen_mean=40.2333
UD:92  pop_size=360  merit_mean=0.0159444  merit_max=0.15  gen_mean=40.6528
UD:93  pop_size=360  merit_mean=0.0177778  merit_max=0.15  gen_mean=41.0667
UD:94  pop_size=360  merit_mean=0.0169444  merit_max=0.2  gen_mean=41.7056
UD:95  pop_size=360  merit_mean=0.0240556  merit_max=0.2  gen_mean=42.2806
UD:96  pop_size=360  merit_mean=0.0216111  merit_max=0.15  gen_mean=43.2361
UD:97  pop_size=360  merit_mean=0.0227222  merit_max=0.15  gen_mean=43.7667
UD:98  pop_size=360  merit_mean=0.0226944  merit_max=0.15  gen_mean=44.4
UD:99  pop_size=360  merit_mean=0.0216944  merit_max=0.15  gen_mean=44.5444
UD:100  pop_size=360  merit_mean=0.0248611  merit_max=0.15  gen_mean=44.6139
UD:101  pop_size=360  merit_mean=0.0249167  merit_max=0.15  gen_mean=45.2611
UD:102  pop_size=360  merit_mean=0.0252778  merit_max=0.15  gen_mean=46.1917
UD:103  pop_size=360  merit_mean=0.0242222  merit_max=0.15  gen_mean=46.8667
UD:104  pop_size=360  merit_mean=0.0247778  merit_max=0.15  gen_mean=47.3222
UD:105  pop_size=360  merit_mean=0.0234722  merit_max=0.15  gen_mean=48.0778
UD:106  pop_size=360  merit_mean=0.0240833  merit_max=0.15  gen_mean=48.8222
UD:107  pop_size=360  merit_mean=0.0249167  merit_max=0.15  gen_mean=49.0444
UD:108  pop_size=360  merit_mean=0.0265  merit_max=0.15  gen_mean=49.5667
UD:109  pop_size=360  merit_mean=0.0263333  merit_max=0.15  gen_mean=50
EMP_TRACK_MEM: No memory leaks found!
 197305 pointers found; all have been cleaned up fully.
